Classic Timing Analyzer report for cursach
Mon May 15 10:28:31 2017
Quartus II Version 9.1 Build 350 03/24/2010 Service Pack 2 SJ Web Edition


---------------------
; Table of Contents ;
---------------------
  1. Legal Notice
  2. Timing Analyzer Summary
  3. Timing Analyzer Settings
  4. Parallel Compilation
  5. tpd
  6. Timing Analyzer Messages



----------------
; Legal Notice ;
----------------
Copyright (C) 1991-2010 Altera Corporation
Your use of Altera Corporation's design tools, logic functions 
and other software and tools, and its AMPP partner logic 
functions, and any output files from any of the foregoing 
(including device programming or simulation files), and any 
associated documentation or information are expressly subject 
to the terms and conditions of the Altera Program License 
Subscription Agreement, Altera MegaCore Function License 
Agreement, or other applicable license agreement, including, 
without limitation, that your use is for the sole purpose of 
programming logic devices manufactured by Altera and sold by 
Altera or its authorized distributors.  Please refer to the 
applicable agreement for further details.



+---------------------------------------------------------------------------------------------------------------------------------+
; Timing Analyzer Summary                                                                                                         ;
+------------------------------+-------+---------------+-------------+--------+------------+------------+----------+--------------+
; Type                         ; Slack ; Required Time ; Actual Time ; From   ; To         ; From Clock ; To Clock ; Failed Paths ;
+------------------------------+-------+---------------+-------------+--------+------------+------------+----------+--------------+
; Worst-case tpd               ; N/A   ; None          ; 12.169 ns   ; OP1[6] ; result[13] ; --         ; --       ; 0            ;
; Total number of failed paths ;       ;               ;             ;        ;            ;            ;          ; 0            ;
+------------------------------+-------+---------------+-------------+--------+------------+------------+----------+--------------+


+-----------------------------------------------------------------------------------------------------------------------------------------------------+
; Timing Analyzer Settings                                                                                                                            ;
+------------------------------------------------------------------------------------------------------+--------------------+------+----+-------------+
; Option                                                                                               ; Setting            ; From ; To ; Entity Name ;
+------------------------------------------------------------------------------------------------------+--------------------+------+----+-------------+
; Device Name                                                                                          ; EP2S15F484C3       ;      ;    ;             ;
; Timing Models                                                                                        ; Final              ;      ;    ;             ;
; Default hold multicycle                                                                              ; Same as Multicycle ;      ;    ;             ;
; Cut paths between unrelated clock domains                                                            ; On                 ;      ;    ;             ;
; Cut off read during write signal paths                                                               ; On                 ;      ;    ;             ;
; Cut off feedback from I/O pins                                                                       ; On                 ;      ;    ;             ;
; Report Combined Fast/Slow Timing                                                                     ; Off                ;      ;    ;             ;
; Ignore Clock Settings                                                                                ; Off                ;      ;    ;             ;
; Analyze latches as synchronous elements                                                              ; On                 ;      ;    ;             ;
; Enable Recovery/Removal analysis                                                                     ; Off                ;      ;    ;             ;
; Enable Clock Latency                                                                                 ; Off                ;      ;    ;             ;
; Use TimeQuest Timing Analyzer                                                                        ; Off                ;      ;    ;             ;
; Number of source nodes to report per destination node                                                ; 10                 ;      ;    ;             ;
; Number of destination nodes to report                                                                ; 10                 ;      ;    ;             ;
; Number of paths to report                                                                            ; 200                ;      ;    ;             ;
; Report Minimum Timing Checks                                                                         ; Off                ;      ;    ;             ;
; Use Fast Timing Models                                                                               ; Off                ;      ;    ;             ;
; Report IO Paths Separately                                                                           ; Off                ;      ;    ;             ;
; Perform Multicorner Analysis                                                                         ; On                 ;      ;    ;             ;
; Reports the worst-case path for each clock domain and analysis                                       ; Off                ;      ;    ;             ;
; Reports worst-case timing paths for each clock domain and analysis                                   ; Off                ;      ;    ;             ;
; Specifies the maximum number of worst-case timing paths to report for each clock domain and analysis ; 100                ;      ;    ;             ;
; Removes common clock path pessimism (CCPP) during slack computation                                  ; Off                ;      ;    ;             ;
; Output I/O Timing Endpoint                                                                           ; Near End           ;      ;    ;             ;
+------------------------------------------------------------------------------------------------------+--------------------+------+----+-------------+


Parallel compilation was disabled, but you have multiple processors available. Enable parallel compilation to reduce compilation time.
+-------------------------------------+
; Parallel Compilation                ;
+----------------------------+--------+
; Processors                 ; Number ;
+----------------------------+--------+
; Number detected on machine ; 4      ;
; Maximum allowed            ; 1      ;
+----------------------------+--------+


+----------------------------------------------------------------------------------------------------------------------------------------+
; tpd                                                                                                                                    ;
+-----------------------------------------+-----------------------------------------------------+-----------------+---------+------------+
; Slack                                   ; Required P2P Time                                   ; Actual P2P Time ; From    ; To         ;
+-----------------------------------------+-----------------------------------------------------+-----------------+---------+------------+
; N/A                                     ; None                                                ; 12.169 ns       ; OP1[6]  ; result[13] ;
; N/A                                     ; None                                                ; 11.866 ns       ; OP1[8]  ; result[13] ;
; N/A                                     ; None                                                ; 11.819 ns       ; OP1[7]  ; result[13] ;
; N/A                                     ; None                                                ; 11.815 ns       ; OP2[1]  ; result[13] ;
; N/A                                     ; None                                                ; 11.658 ns       ; OP1[9]  ; result[13] ;
; N/A                                     ; None                                                ; 11.653 ns       ; xor     ; result[13] ;
; N/A                                     ; None                                                ; 11.627 ns       ; OP1[0]  ; result[13] ;
; N/A                                     ; None                                                ; 11.620 ns       ; OP1[12] ; result[5]  ;
; N/A                                     ; None                                                ; 11.578 ns       ; OP1[5]  ; result[13] ;
; N/A                                     ; None                                                ; 11.578 ns       ; OP1[10] ; result[13] ;
; N/A                                     ; None                                                ; 11.572 ns       ; OP1[10] ; result[5]  ;
; N/A                                     ; None                                                ; 11.548 ns       ; OP2[0]  ; result[13] ;
; N/A                                     ; None                                                ; 11.508 ns       ; OP2[0]  ; result[11] ;
; N/A                                     ; None                                                ; 11.479 ns       ; OP1[12] ; result[11] ;
; N/A                                     ; None                                                ; 11.478 ns       ; nxor    ; result[13] ;
; N/A                                     ; None                                                ; 11.477 ns       ; OP2[1]  ; result[5]  ;
; N/A                                     ; None                                                ; 11.464 ns       ; OP1[7]  ; result[5]  ;
; N/A                                     ; None                                                ; 11.461 ns       ; OP1[1]  ; result[13] ;
; N/A                                     ; None                                                ; 11.429 ns       ; OP1[6]  ; result[5]  ;
; N/A                                     ; None                                                ; 11.384 ns       ; OP2[1]  ; result[11] ;
; N/A                                     ; None                                                ; 11.381 ns       ; OP1[4]  ; result[13] ;
; N/A                                     ; None                                                ; 11.347 ns       ; OP1[0]  ; result[11] ;
; N/A                                     ; None                                                ; 11.341 ns       ; OP1[11] ; result[5]  ;
; N/A                                     ; None                                                ; 11.320 ns       ; OP1[9]  ; result[5]  ;
; N/A                                     ; None                                                ; 11.303 ns       ; OP1[3]  ; result[13] ;
; N/A                                     ; None                                                ; 11.242 ns       ; OP2[13] ; result[13] ;
; N/A                                     ; None                                                ; 11.218 ns       ; OP2[10] ; result[13] ;
; N/A                                     ; None                                                ; 11.211 ns       ; OP1[1]  ; result[11] ;
; N/A                                     ; None                                                ; 11.210 ns       ; OP1[5]  ; result[5]  ;
; N/A                                     ; None                                                ; 11.192 ns       ; OP2[0]  ; result[5]  ;
; N/A                                     ; None                                                ; 11.182 ns       ; OP1[12] ; result[1]  ;
; N/A                                     ; None                                                ; 11.181 ns       ; OP1[7]  ; result[11] ;
; N/A                                     ; None                                                ; 11.161 ns       ; OP2[0]  ; result[2]  ;
; N/A                                     ; None                                                ; 11.152 ns       ; OP1[2]  ; result[13] ;
; N/A                                     ; None                                                ; 11.149 ns       ; OP1[6]  ; result[11] ;
; N/A                                     ; None                                                ; 11.134 ns       ; OP1[10] ; result[1]  ;
; N/A                                     ; None                                                ; 11.125 ns       ; OP1[8]  ; result[5]  ;
; N/A                                     ; None                                                ; 11.120 ns       ; OP1[10] ; result[2]  ;
; N/A                                     ; None                                                ; 11.103 ns       ; OP1[8]  ; result[11] ;
; N/A                                     ; None                                                ; 11.096 ns       ; OP1[12] ; result[13] ;
; N/A                                     ; None                                                ; 11.078 ns       ; OP2[2]  ; result[13] ;
; N/A                                     ; None                                                ; 11.039 ns       ; OP2[1]  ; result[1]  ;
; N/A                                     ; None                                                ; 11.020 ns       ; OP2[1]  ; result[2]  ;
; N/A                                     ; None                                                ; 11.013 ns       ; OP1[4]  ; result[5]  ;
; N/A                                     ; None                                                ; 11.010 ns       ; OP1[5]  ; result[2]  ;
; N/A                                     ; None                                                ; 11.000 ns       ; OP1[0]  ; result[2]  ;
; N/A                                     ; None                                                ; 10.997 ns       ; OP1[11] ; result[13] ;
; N/A                                     ; None                                                ; 10.997 ns       ; OP1[13] ; result[13] ;
; N/A                                     ; None                                                ; 10.995 ns       ; OP1[3]  ; result[11] ;
; N/A                                     ; None                                                ; 10.994 ns       ; OP1[13] ; result[11] ;
; N/A                                     ; None                                                ; 10.962 ns       ; OP1[1]  ; result[2]  ;
; N/A                                     ; None                                                ; 10.947 ns       ; OP1[3]  ; result[5]  ;
; N/A                                     ; None                                                ; 10.943 ns       ; OP1[10] ; result[11] ;
; N/A                                     ; None                                                ; 10.937 ns       ; OP2[6]  ; result[13] ;
; N/A                                     ; None                                                ; 10.916 ns       ; OP1[6]  ; result[2]  ;
; N/A                                     ; None                                                ; 10.910 ns       ; OP1[11] ; result[11] ;
; N/A                                     ; None                                                ; 10.903 ns       ; OP1[11] ; result[1]  ;
; N/A                                     ; None                                                ; 10.884 ns       ; OP1[0]  ; result[4]  ;
; N/A                                     ; None                                                ; 10.882 ns       ; OP1[9]  ; result[1]  ;
; N/A                                     ; None                                                ; 10.880 ns       ; OP1[0]  ; result[5]  ;
; N/A                                     ; None                                                ; 10.859 ns       ; OP2[3]  ; result[13] ;
; N/A                                     ; None                                                ; 10.841 ns       ; OP1[5]  ; result[11] ;
; N/A                                     ; None                                                ; 10.824 ns       ; OP2[0]  ; result[7]  ;
; N/A                                     ; None                                                ; 10.821 ns       ; OP2[7]  ; result[13] ;
; N/A                                     ; None                                                ; 10.816 ns       ; OP1[14] ; result[13] ;
; N/A                                     ; None                                                ; 10.815 ns       ; OP2[5]  ; result[13] ;
; N/A                                     ; None                                                ; 10.813 ns       ; OP1[4]  ; result[2]  ;
; N/A                                     ; None                                                ; 10.792 ns       ; OP1[9]  ; result[11] ;
; N/A                                     ; None                                                ; 10.787 ns       ; OP1[2]  ; result[11] ;
; N/A                                     ; None                                                ; 10.784 ns       ; OP1[2]  ; result[5]  ;
; N/A                                     ; None                                                ; 10.756 ns       ; OP1[0]  ; result[1]  ;
; N/A                                     ; None                                                ; 10.752 ns       ; OP2[0]  ; result[4]  ;
; N/A                                     ; None                                                ; 10.749 ns       ; OP2[1]  ; result[4]  ;
; N/A                                     ; None                                                ; 10.747 ns       ; OP1[4]  ; result[11] ;
; N/A                                     ; None                                                ; 10.736 ns       ; OP1[7]  ; result[4]  ;
; N/A                                     ; None                                                ; 10.722 ns       ; OP2[2]  ; result[5]  ;
; N/A                                     ; None                                                ; 10.715 ns       ; OP1[14] ; result[11] ;
; N/A                                     ; None                                                ; 10.714 ns       ; OP1[1]  ; result[5]  ;
; N/A                                     ; None                                                ; 10.708 ns       ; OP1[8]  ; result[4]  ;
; N/A                                     ; None                                                ; 10.704 ns       ; OP1[6]  ; result[4]  ;
; N/A                                     ; None                                                ; 10.676 ns       ; OP2[0]  ; result[1]  ;
; N/A                                     ; None                                                ; 10.663 ns       ; OP1[0]  ; result[7]  ;
; N/A                                     ; None                                                ; 10.663 ns       ; OP1[6]  ; result[14] ;
; N/A                                     ; None                                                ; 10.651 ns       ; OP1[6]  ; result[3]  ;
; N/A                                     ; None                                                ; 10.638 ns       ; OP1[12] ; result[2]  ;
; N/A                                     ; None                                                ; 10.636 ns       ; OP1[6]  ; result[10] ;
; N/A                                     ; None                                                ; 10.628 ns       ; OP1[3]  ; result[2]  ;
; N/A                                     ; None                                                ; 10.616 ns       ; OP1[7]  ; result[7]  ;
; N/A                                     ; None                                                ; 10.613 ns       ; OP1[8]  ; result[2]  ;
; N/A                                     ; None                                                ; 10.590 ns       ; OP1[1]  ; result[1]  ;
; N/A                                     ; None                                                ; 10.586 ns       ; OP2[10] ; result[11] ;
; N/A                                     ; None                                                ; 10.584 ns       ; OP1[2]  ; result[2]  ;
; N/A                                     ; None                                                ; 10.584 ns       ; OP1[6]  ; result[7]  ;
; N/A                                     ; None                                                ; 10.573 ns       ; OP2[8]  ; result[13] ;
; N/A                                     ; None                                                ; 10.572 ns       ; OP1[7]  ; result[1]  ;
; N/A                                     ; None                                                ; 10.566 ns       ; OP1[7]  ; result[2]  ;
; N/A                                     ; None                                                ; 10.565 ns       ; OP1[14] ; result[2]  ;
; N/A                                     ; None                                                ; 10.549 ns       ; OP2[0]  ; CF_en      ;
; N/A                                     ; None                                                ; 10.548 ns       ; OP1[10] ; result[4]  ;
; N/A                                     ; None                                                ; 10.539 ns       ; OP1[11] ; result[2]  ;
; N/A                                     ; None                                                ; 10.537 ns       ; OP1[6]  ; result[1]  ;
; N/A                                     ; None                                                ; 10.527 ns       ; OP1[3]  ; result[4]  ;
; N/A                                     ; None                                                ; 10.527 ns       ; OP1[1]  ; result[7]  ;
; N/A                                     ; None                                                ; 10.522 ns       ; OP2[0]  ; result[14] ;
; N/A                                     ; None                                                ; 10.515 ns       ; OP1[4]  ; result[4]  ;
; N/A                                     ; None                                                ; 10.504 ns       ; OP1[0]  ; result[8]  ;
; N/A                                     ; None                                                ; 10.503 ns       ; OP2[3]  ; result[5]  ;
; N/A                                     ; None                                                ; 10.503 ns       ; OP2[12] ; result[13] ;
; N/A                                     ; None                                                ; 10.492 ns       ; OP2[0]  ; result[10] ;
; N/A                                     ; None                                                ; 10.468 ns       ; OP1[12] ; result[14] ;
; N/A                                     ; None                                                ; 10.447 ns       ; OP1[7]  ; result[8]  ;
; N/A                                     ; None                                                ; 10.435 ns       ; OP1[10] ; result[10] ;
; N/A                                     ; None                                                ; 10.434 ns       ; OP1[7]  ; CF_en      ;
; N/A                                     ; None                                                ; 10.432 ns       ; OP2[0]  ; result[0]  ;
; N/A                                     ; None                                                ; 10.428 ns       ; OP2[2]  ; result[2]  ;
; N/A                                     ; None                                                ; 10.426 ns       ; OP2[2]  ; result[11] ;
; N/A                                     ; None                                                ; 10.424 ns       ; OP2[5]  ; result[5]  ;
; N/A                                     ; None                                                ; 10.421 ns       ; OP1[11] ; result[4]  ;
; N/A                                     ; None                                                ; 10.417 ns       ; xor     ; result[5]  ;
; N/A                                     ; None                                                ; 10.416 ns       ; OP2[1]  ; result[7]  ;
; N/A                                     ; None                                                ; 10.412 ns       ; OP1[6]  ; result[8]  ;
; N/A                                     ; None                                                ; 10.407 ns       ; OP1[7]  ; result[14] ;
; N/A                                     ; None                                                ; 10.405 ns       ; OP1[9]  ; result[2]  ;
; N/A                                     ; None                                                ; 10.403 ns       ; OP2[9]  ; result[13] ;
; N/A                                     ; None                                                ; 10.397 ns       ; OP1[9]  ; result[4]  ;
; N/A                                     ; None                                                ; 10.396 ns       ; OP1[5]  ; result[4]  ;
; N/A                                     ; None                                                ; 10.387 ns       ; OP2[4]  ; result[13] ;
; N/A                                     ; None                                                ; 10.378 ns       ; rol     ; result[11] ;
; N/A                                     ; None                                                ; 10.377 ns       ; OP1[7]  ; result[10] ;
; N/A                                     ; None                                                ; 10.373 ns       ; OP2[1]  ; result[14] ;
; N/A                                     ; None                                                ; 10.372 ns       ; OP1[12] ; result[4]  ;
; N/A                                     ; None                                                ; 10.369 ns       ; OP2[1]  ; result[8]  ;
; N/A                                     ; None                                                ; 10.368 ns       ; OP1[8]  ; result[10] ;
; N/A                                     ; None                                                ; 10.356 ns       ; OP2[0]  ; result[3]  ;
; N/A                                     ; None                                                ; 10.355 ns       ; rol     ; result[13] ;
; N/A                                     ; None                                                ; 10.355 ns       ; OP1[5]  ; result[14] ;
; N/A                                     ; None                                                ; 10.354 ns       ; OP2[1]  ; CF_en      ;
; N/A                                     ; None                                                ; 10.343 ns       ; OP1[5]  ; result[3]  ;
; N/A                                     ; None                                                ; 10.335 ns       ; OP2[1]  ; result[10] ;
; N/A                                     ; None                                                ; 10.328 ns       ; OP1[5]  ; result[10] ;
; N/A                                     ; None                                                ; 10.326 ns       ; OP1[4]  ; CF_en      ;
; N/A                                     ; None                                                ; 10.322 ns       ; OP1[6]  ; CF_en      ;
; N/A                                     ; None                                                ; 10.311 ns       ; OP1[3]  ; result[7]  ;
; N/A                                     ; None                                                ; 10.305 ns       ; OP1[7]  ; result[12] ;
; N/A                                     ; None                                                ; 10.304 ns       ; OP1[3]  ; CF_en      ;
; N/A                                     ; None                                                ; 10.303 ns       ; OP1[8]  ; result[7]  ;
; N/A                                     ; None                                                ; 10.299 ns       ; OP1[4]  ; result[14] ;
; N/A                                     ; None                                                ; 10.288 ns       ; OP1[9]  ; CF_en      ;
; N/A                                     ; None                                                ; 10.287 ns       ; rol     ; result[5]  ;
; N/A                                     ; None                                                ; 10.287 ns       ; xor     ; result[11] ;
; N/A                                     ; None                                                ; 10.285 ns       ; OP1[6]  ; result[6]  ;
; N/A                                     ; None                                                ; 10.285 ns       ; OP2[6]  ; result[11] ;
; N/A                                     ; None                                                ; 10.283 ns       ; OP1[8]  ; result[0]  ;
; N/A                                     ; None                                                ; 10.282 ns       ; OP2[2]  ; result[4]  ;
; N/A                                     ; None                                                ; 10.281 ns       ; OP1[8]  ; result[14] ;
; N/A                                     ; None                                                ; 10.277 ns       ; OP1[3]  ; result[14] ;
; N/A                                     ; None                                                ; 10.276 ns       ; OP1[5]  ; result[7]  ;
; N/A                                     ; None                                                ; 10.273 ns       ; OP1[13] ; result[2]  ;
; N/A                                     ; None                                                ; 10.273 ns       ; OP2[0]  ; result[8]  ;
; N/A                                     ; None                                                ; 10.271 ns       ; OP1[0]  ; result[0]  ;
; N/A                                     ; None                                                ; 10.270 ns       ; OP1[6]  ; result[12] ;
; N/A                                     ; None                                                ; 10.269 ns       ; OP1[4]  ; result[10] ;
; N/A                                     ; None                                                ; 10.262 ns       ; OP2[0]  ; result[12] ;
; N/A                                     ; None                                                ; 10.261 ns       ; OP1[9]  ; result[14] ;
; N/A                                     ; None                                                ; 10.256 ns       ; OP1[13] ; result[4]  ;
; N/A                                     ; None                                                ; 10.251 ns       ; OP1[1]  ; result[4]  ;
; N/A                                     ; None                                                ; 10.251 ns       ; OP1[9]  ; result[10] ;
; N/A                                     ; None                                                ; 10.250 ns       ; OP1[13] ; result[5]  ;
; N/A                                     ; None                                                ; 10.249 ns       ; OP1[4]  ; result[3]  ;
; N/A                                     ; None                                                ; 10.247 ns       ; OP1[3]  ; result[10] ;
; N/A                                     ; None                                                ; 10.245 ns       ; OP1[0]  ; result[12] ;
; N/A                                     ; None                                                ; 10.242 ns       ; xor     ; result[2]  ;
; N/A                                     ; None                                                ; 10.241 ns       ; OP1[7]  ; result[0]  ;
; N/A                                     ; None                                                ; 10.233 ns       ; OP1[8]  ; result[1]  ;
; N/A                                     ; None                                                ; 10.226 ns       ; OP2[0]  ; result[6]  ;
; N/A                                     ; None                                                ; 10.224 ns       ; OP1[8]  ; result[3]  ;
; N/A                                     ; None                                                ; 10.219 ns       ; OP2[10] ; CF_en      ;
; N/A                                     ; None                                                ; 10.209 ns       ; OP1[6]  ; result[0]  ;
; N/A                                     ; None                                                ; 10.207 ns       ; OP2[3]  ; result[11] ;
; N/A                                     ; None                                                ; 10.205 ns       ; OP1[0]  ; result[10] ;
; N/A                                     ; None                                                ; 10.199 ns       ; OP1[12] ; result[3]  ;
; N/A                                     ; None                                                ; 10.195 ns       ; OP1[0]  ; result[3]  ;
; N/A                                     ; None                                                ; 10.192 ns       ; OP2[10] ; result[14] ;
; N/A                                     ; None                                                ; 10.184 ns       ; OP2[11] ; result[13] ;
; N/A                                     ; None                                                ; 10.182 ns       ; OP1[4]  ; result[7]  ;
; N/A                                     ; None                                                ; 10.169 ns       ; OP2[7]  ; result[11] ;
; N/A                                     ; None                                                ; 10.167 ns       ; OP1[1]  ; result[10] ;
; N/A                                     ; None                                                ; 10.163 ns       ; OP2[5]  ; result[11] ;
; N/A                                     ; None                                                ; 10.160 ns       ; OP2[1]  ; result[3]  ;
; N/A                                     ; None                                                ; 10.146 ns       ; OP2[10] ; result[10] ;
; N/A                                     ; None                                                ; 10.144 ns       ; OP1[10] ; result[7]  ;
; N/A                                     ; None                                                ; 10.136 ns       ; OP1[0]  ; result[14] ;
; N/A                                     ; None                                                ; 10.135 ns       ; OP1[1]  ; result[0]  ;
; N/A                                     ; None                                                ; 10.132 ns       ; rol     ; result[4]  ;
; N/A                                     ; None                                                ; 10.126 ns       ; OP1[13] ; result[1]  ;
; N/A                                     ; None                                                ; 10.123 ns       ; OP2[1]  ; result[0]  ;
; N/A                                     ; None                                                ; 10.123 ns       ; OP1[10] ; result[0]  ;
; N/A                                     ; None                                                ; 10.122 ns       ; OP1[10] ; result[14] ;
; N/A                                     ; None                                                ; 10.121 ns       ; nxor    ; result[5]  ;
; N/A                                     ; None                                                ; 10.114 ns       ; OP2[1]  ; result[12] ;
; Timing analysis restricted to 200 rows. ; To change the limit use Settings (Assignments menu) ;                 ;         ;            ;
+-----------------------------------------+-----------------------------------------------------+-----------------+---------+------------+


+--------------------------+
; Timing Analyzer Messages ;
+--------------------------+
Info: *******************************************************************
Info: Running Quartus II Classic Timing Analyzer
    Info: Version 9.1 Build 350 03/24/2010 Service Pack 2 SJ Web Edition
    Info: Processing started: Mon May 15 10:28:31 2017
Info: Command: quartus_tan --read_settings_files=off --write_settings_files=off cursach -c cursach --timing_analysis_only
Info: Longest tpd from source pin "OP1[6]" to destination pin "result[13]" is 12.169 ns
    Info: 1: + IC(0.000 ns) + CELL(0.847 ns) = 0.847 ns; Loc. = PIN_Y7; Fanout = 8; PIN Node = 'OP1[6]'
    Info: 2: + IC(4.559 ns) + CELL(0.357 ns) = 5.763 ns; Loc. = LCCOMB_X27_Y20_N10; Fanout = 4; COMB Node = 'shift:inst1|lpm_clshift:lpm_clshift_component|lpm_clshift_iib:auto_generated|sbit_w[39]~4'
    Info: 3: + IC(1.049 ns) + CELL(0.357 ns) = 7.169 ns; Loc. = LCCOMB_X35_Y19_N12; Fanout = 1; COMB Node = 'lpm_bustri0:inst3|lpm_bustri:lpm_bustri_component|dout[13]~45'
    Info: 4: + IC(0.310 ns) + CELL(0.225 ns) = 7.704 ns; Loc. = LCCOMB_X34_Y19_N0; Fanout = 1; COMB Node = 'lpm_bustri0:inst3|lpm_bustri:lpm_bustri_component|dout[13]~17'
    Info: 5: + IC(2.301 ns) + CELL(2.164 ns) = 12.169 ns; Loc. = PIN_Y1; Fanout = 0; PIN Node = 'result[13]'
    Info: Total cell delay = 3.950 ns ( 32.46 % )
    Info: Total interconnect delay = 8.219 ns ( 67.54 % )
Info: Quartus II Classic Timing Analyzer was successful. 0 errors, 0 warnings
    Info: Peak virtual memory: 192 megabytes
    Info: Processing ended: Mon May 15 10:28:31 2017
    Info: Elapsed time: 00:00:00
    Info: Total CPU time (on all processors): 00:00:00


